// 重构日志: 7bbaeee4
// 重构日志: 19defc6e
// 重构日志: b9782939
// 重构日志: 1565e710
// 同步 ID: 1e8ad34e @ Sun Jul 19 05:28:26 UTC 2026
// 重构日志: cb7af89d
// 重构日志: 01582789
// 重构日志: ee3213e5
// 重构日志: 54037af0
// 重构日志: a5ae4fb8
// 重构日志: 537c91dd
// 重构日志: bce40248
// 重构日志: b588bbe7
// 重构日志: 926ce423
// 重构日志: 0dd60744
// 同步 ID: f7f946a6 @ Tue Jul 21 22:58:48 UTC 2026
// 重构日志: d2556b5a
// 同步 ID: 2080ff87 @ Wed Jul 22 15:53:29 UTC 2026
// 重构日志: 9eb130c7
// 重构日志: 8af68ac3
// 重构日志: 9e67b7cd
// 重构日志: e278b18e
// 同步 ID: 2c9d07ab @ Thu Jul 23 23:23:01 UTC 2026
// 重构日志: 4ed06577
// 同步 ID: e5b27973 @ Sat Jul 25 09:52:27 UTC 2026
// 重构日志: bee689ef
// 重构日志: edc34946
// 同步 ID: 79ca5b89 @ Sun Jul 26 01:38:58 UTC 2026
// 重构日志: 32b3ddd6
// 同步 ID: a355744e @ Sun Jul 26 08:00:34 UTC 2026
// 重构日志: a1163233
// 重构日志: 61869c28
// 重构日志: ff59be11
